error: Loop detected
  --> $DIR/has_loop3.rs:6:5
   |
LL | /     while i < 10 {
LL | |         println!("{}", i);
LL | |         i += 1;
LL | |     }
   | |_____^
   |
   = note: `-D clippy::has-loop` implied by `-D warnings`

error: aborting due to previous error

